oorandom (https://sr.ht/~icefox/oorandom/ is uncloneable)*
miow (https://github.com/yoshuawuyts/miow updated [..] days ago)
    windows-sys (requirement: ^0.48.0, version used: 0.48.0, latest: [..])
varisat (https://github.com/jix/varisat updated [..] days ago)
    itoa (requirement: ^0.4.4, version used: 0.4.8, latest: [..])
    ordered-float (requirement: ^2.0.0, version used: 2.10.1, latest: [..])
    vec_mut_scan (requirement: ^0.3.0, version used: 0.3.0, latest: [..])
varisat-dimacs (https://github.com/jix/varisat updated [..] days ago)
    itoa (requirement: ^0.4.4, version used: 0.4.8, latest: [..])
varisat-internal-macros (https://github.com/jix/varisat updated [..] days ago)
    syn (requirement: ^1.0.40, version used: 1.0.109, latest: [..])
    synstructure (requirement: ^0.12.4, version used: 0.12.6, latest: [..])
im-rc (https://github.com/bodil/im-rs updated [..] days ago)
    bitmaps (requirement: ^2, version used: 2.1.0, latest: [..])
    sized-chunks (requirement: ^0.6.4, version used: 0.6.5, latest: [..])
partial_ref_derive (https://github.com/jix/partial_ref updated [..] days ago)
    syn (requirement: ^1.0.40, version used: 1.0.109, latest: [..])
serde-value (https://github.com/arcnmx/serde-value updated [..] days ago)
    ordered-float (requirement: ^2.0.0, version used: 2.10.1, latest: [..])
rusty-fork (https://github.com/altsysrq/rusty-fork updated [..] days ago)
    quick-error (requirement: ^1.2, version used: 1.2.3, latest: [..])
adler (https://github.com/jonas-schievink/adler.git archived)

* a newer (though still seemingly unmaintained) version of the package is available
