Scanning 357 packages and their dependencies (pass --verbose for more information)
