Scanning 140 packages and their dependencies (pass --verbose for more information)
