Scanning 140 packages and their dependencies (pass --verbose for more information)
warning: `GITHUB_TOKEN_PATH` is unset; archive checks are disabled
