fuchsia-cprng (no repository)
atty (https://github.com/softprops/atty updated [..] days ago)
    hermit-abi (requirement: ^0.1.6, version used: 0.1.19, latest: [..])
cloudabi (https://github.com/nuxinl/cloudabi updated [..] days ago)
    bitflags (requirement: ^1.0, version used: 1.3.2, latest: [..])
statistical (https://github.com/JeffBelgum/statistical updated [..] days ago)
    num (requirement: ^0.2, version used: 0.2.1, latest: [..])
    rand (requirement: ^0.6, version used: 0.6.5, latest: [..])
