Scanning 3 packages and their dependencies (pass --verbose for more information)
