Scanning 53 packages and their dependencies (pass --verbose for more information)
