crates-io (no repository)
    syn (requirement: ^1.0, version used: 1.0.109, latest: [..])
