Scanning 7 packages and their dependencies (pass --verbose for more information)
