lsp-async-stub (no repository)
    lsp-types (requirement: ^0.93.0, version used: 0.93.2, latest: [..])
taplo-common (no repository)
    ahash (requirement: ^0.7.6, version used: 0.7.6, latest: [..])
    indexmap (requirement: ^1.6.0, version used: 1.9.1, latest: [..])
    itertools (requirement: ^0.10.3, version used: 0.10.5, latest: [..])
    json_value_merge (requirement: ^1.1.2, version used: 1.1.2, latest: [..])
    lru (requirement: ^0.7.2, version used: 0.7.8, latest: [..])
arc-swap (https://github.com/vorner/arc-swap updated [..] days ago)
    criterion (requirement: ~0.3, version used: 0.3.6, latest: [..])
    itertools (requirement: ^0.10, version used: 0.10.5, latest: [..])
prettytable-rs (https://github.com/phsym/prettytable-rs updated [..] days ago)
    encode_unicode (requirement: ^0.3, version used: 0.3.6, latest: [..])
    term (requirement: ^0.5, version used: 0.5.2, latest: [..])
hex (https://github.com/KokaKiwi/rust-hex updated [..] days ago)
    criterion (requirement: ^0.3, version used: 0.3.6, latest: [..])
tinytemplate (https://github.com/bheisler/TinyTemplate updated [..] days ago)
    criterion (requirement: ^0.3, version used: 0.3.6, latest: [..])
debugid (https://github.com/getsentry/rust-debugid updated [..] days ago)
    uuid (requirement: ^0.8.1, version used: 0.8.2, latest: [..])
proc-macro-error (https://gitlab.com/CreepySkeleton/proc-macro-error updated [..] days ago)
    syn (requirement: ^1, version used: 1.0.103, latest: [..])
atty (https://github.com/softprops/atty updated [..] days ago)
    hermit-abi (requirement: ^0.1.6, version used: 0.1.19, latest: [..])
adler (https://github.com/jonas-schievink/adler.git updated [..] days ago)
    criterion (requirement: ^0.3.2, version used: 0.3.6, latest: [..])
matchers (https://github.com/hawkw/matchers updated [..] days ago)
    regex-automata (requirement: ^0.1, version used: 0.1.10, latest: [..])
regex-automata (https://github.com/BurntSushi/regex-automata archived)
serde_cbor (https://github.com/pyfisch/cbor archived)
toml (https://github.com/alexcrichton/toml-rs archived)
