Scanning 267 packages and their dependencies (pass --verbose for more information)
