Scanning 262 packages and their dependencies (pass --verbose for more information)
