oorandom (https://sr.ht/~icefox/oorandom/ is uncloneable)
lsp-async-stub (no repository)
    lsp-types (requirement: ^0.93.0, version used: 0.93.2, latest: [..])
taplo-common (no repository)
    ahash (requirement: ^0.7.6, version used: 0.7.6, latest: [..])
    indexmap (requirement: ^1.6.0, version used: 1.9.1, latest: [..])
    itertools (requirement: ^0.10.3, version used: 0.10.5, latest: [..])
    json_value_merge (requirement: ^1.1.2, version used: 1.1.2, latest: [..])
    jsonschema (requirement: ^0.17.1, version used: 0.17.1, latest: [..])
    lru (requirement: ^0.7.2, version used: 0.7.8, latest: [..])
    reqwest (requirement: ^0.11.9, version used: 0.11.12, latest: [..])
structopt (https://github.com/TeXitoi/structopt updated [..] days ago)
    clap (requirement: ^2.33, version used: 2.34.0, latest: [..])
structopt-derive (https://github.com/TeXitoi/structopt updated [..] days ago)
    heck (requirement: ^0.3.0, version used: 0.3.3, latest: [..])
    syn (requirement: ^1, version used: 1.0.103, latest: [..])
num_cpus (https://github.com/seanmonstar/num_cpus updated [..] days ago)
    hermit-abi (requirement: ^0.1.3, version used: 0.1.19, latest: [..])
term (https://github.com/Stebalien/term updated [..] days ago)
    dirs (requirement: ^1.0.2, version used: 1.0.5, latest: [..])
prettytable-rs (https://github.com/phsym/prettytable-rs updated [..] days ago)
    encode_unicode (requirement: ^0.3, version used: 0.3.6, latest: [..])
    term (requirement: ^0.5, version used: 0.5.2, latest: [..])
hex (https://github.com/KokaKiwi/rust-hex updated [..] days ago)
    criterion (requirement: ^0.3, version used: 0.3.6, latest: [..])
tinytemplate (https://github.com/bheisler/TinyTemplate updated [..] days ago)
    criterion (requirement: ^0.3, version used: 0.3.6, latest: [..])
debugid (https://github.com/getsentry/rust-debugid updated [..] days ago)
    uuid (requirement: ^0.8.1, version used: 0.8.2, latest: [..])
proc-macro-error (https://gitlab.com/CreepySkeleton/proc-macro-error updated [..] days ago)
    syn (requirement: ^1, version used: 1.0.103, latest: [..])
countme (https://github.com/matklad/countme updated [..] days ago)
    rustc-hash (requirement: ^1.1, version used: 1.1.0, latest: [..])
atty (https://github.com/softprops/atty updated [..] days ago)
    hermit-abi (requirement: ^0.1.6, version used: 0.1.19, latest: [..])
hermit-abi (not in https://github.com/hermitcore/libhermit-rs)
tokio-rustls (not in https://github.com/tokio-rs/tls)
adler (https://github.com/jonas-schievink/adler.git archived)
regex-automata (https://github.com/BurntSushi/regex-automata archived)
serde_cbor (https://github.com/pyfisch/cbor archived)
toml (https://github.com/alexcrichton/toml-rs archived)
