timeout (https://httpstat.us/200?sleep=300000 does not exist)
