Scanning 1 packages and their dependencies (pass --verbose for more information)
