mozrunner (uncloneable)
    mozprofile (requirement: ^0.8, version used: 0.8.0, latest: [..])
    plist (requirement: ^0.5, version used: 0.5.5, latest: [..])
    dirs (requirement: ^2, version used: 2.0.2, latest: [..])
    winreg (requirement: ^0.5, version used: 0.5.1, latest: [..])
example-tests (no repository)
    hyper (requirement: ^0.14.20, version used: 0.14.27, latest: [..])
    mozprofile (requirement: ^0.8.0, version used: 0.8.0, latest: [..])
    mozrunner (requirement: ^0.14.0, version used: 0.14.0, latest: [..])
    tokio-tungstenite (requirement: ^0.17.2, version used: 0.17.2, latest: [..])
    tower-http (requirement: ^0.3.4, version used: 0.3.5, latest: [..])
raytrace-parallel (no repository)
    serde-wasm-bindgen (requirement: ^0.4.3, version used: 0.4.5, latest: [..])
raytracer (no repository)
    image (requirement: ^0.12.3, version used: 0.12.4, latest: [..])
rust-webassembly-weather-reports (no repository)
    gloo (requirement: ^0.2.1, version used: 0.2.1, latest: [..])
    reqwest (requirement: ^0.10.6, version used: 0.10.10, latest: [..])
todomvc (no repository)
    askama (requirement: ^0.10.0, version used: 0.10.5, latest: [..])
wasm-audio-worklet (no repository)
    console_log (requirement: ^0.2.0, version used: 0.2.2, latest: [..])
weedle (https://github.com/rustwasm/weedle updated [..] days ago)
    nom (requirement: ^5.0.0, version used: 5.1.3, latest: [..])
lexical-core (https://github.com/Alexhuszagh/rust-lexical updated [..] days ago)
    arrayvec (requirement: ^0.5, version used: 0.5.2, latest: [..])
    bitflags (requirement: ^1.2, version used: 1.3.2, latest: [..])
proc-macro-error (https://gitlab.com/CreepySkeleton/proc-macro-error updated [..] days ago)
    syn (requirement: ^1, version used: 1.0.109, latest: [..])
kernel32-sys (https://github.com/retep998/winapi-rs updated [..] days ago)
    winapi (requirement: ^0.2.5, version used: 0.2.8, latest: [..])
ws2_32-sys (https://github.com/retep998/winapi-rs updated [..] days ago)
    winapi (requirement: ^0.2.5, version used: 0.2.8, latest: [..])
adler32 (https://github.com/remram44/adler32-rs updated [..] days ago)
    humansize (requirement: ^1.1, version used: 1.1.1, latest: [..])
atty (https://github.com/softprops/atty updated [..] days ago)
    hermit-abi (requirement: ^0.1.6, version used: 0.1.19, latest: [..])
multipart (http://github.com/abonander/multipart updated [..] days ago)
    quick-error (requirement: ^1.2, version used: 1.2.3, latest: [..])
    twoway (requirement: ^0.1, version used: 0.1.8, latest: [..])
fuchsia-zircon (https://fuchsia.googlesource.com/garnet updated [..] days ago)
    bitflags (requirement: ^1.0.0, version used: 1.3.2, latest: [..])
enum_primitive (https://github.com/andersk/enum_primitive-rs.git updated [..] days ago)
    num-traits (requirement: ^0.1.32, version used: 0.1.43, latest: [..])
