Scanning 4 packages and their dependencies (pass --verbose for more information)
