https://github.com/rustsec/advisory-db/issues/1175
    failed to find `futures-intrusive`
https://github.com/rustsec/advisory-db/issues/1209
    ignoring `https://doc.rust-lang.org/std/vec/struct.Vec.html#method.from_raw_parts`
    failed to find `maligned`
https://github.com/rustsec/advisory-db/issues/1553
    ignoring `https://github.com/rust-lang/rust/issues/39155`
https://github.com/rustsec/advisory-db/issues/1615
    ignoring `https://github.com/rustsec/advisory-db/issues/1438`
    ignoring `https://github.com/rustsec/advisory-db/issues/1602`
https://github.com/rustsec/advisory-db/issues/1630
    found `wither`
https://github.com/rustsec/advisory-db/issues/1631
    found `mbox`
https://github.com/rustsec/advisory-db/issues/1633
    found `crypto-hash`
    ignoring `https://github.com/rust-lang/cargo/pull/11795`
https://github.com/rustsec/advisory-db/issues/1635
    failed to find `malloc_buf`
https://github.com/rustsec/advisory-db/issues/1706
    found `io_ext`
https://github.com/rustsec/advisory-db/issues/1715
    found `cloud-storage`
    found `cloud-storage-rs`
https://github.com/rustsec/advisory-db/issues/1784
    found `hpack`
    failed to find `hpack-patched`
    ignoring `https://doc.rust-lang.org/cargo/reference/overriding-dependencies.html`
https://github.com/rustsec/advisory-db/issues/1821
    failed to find `loopdev-erikh`
    failed to find `loopdev`
https://github.com/rustsec/advisory-db/issues/1822
    failed to find `rust-cpython`
