futures-intrusive...not found
ignoring `https://doc.rust-lang.org/std/vec/struct.Vec.html#method.from_raw_parts`
maligned...not found
ignoring `https://github.com/rust-lang/rust/issues/39155`
wither...not found
mbox...not found
crypto-hash...not found
ignoring `https://github.com/rust-lang/cargo/pull/11795`
malloc_buf...not found
io_ext...found
cloud-storage...not found
cloud-storage-rs...found
loopdev-erikh...not found
loopdev...not found
conrod...found
yaml-rust...not found
not found (10)
    futures-intrusive  https://github.com/rustsec/advisory-db/issues/1175
    maligned           https://github.com/rustsec/advisory-db/issues/1209
    wither             https://github.com/rustsec/advisory-db/issues/1630
    mbox               https://github.com/rustsec/advisory-db/issues/1631
    crypto-hash        https://github.com/rustsec/advisory-db/issues/1633
    malloc_buf         https://github.com/rustsec/advisory-db/issues/1635
    cloud-storage      https://github.com/rustsec/advisory-db/issues/1715
    loopdev-erikh      https://github.com/rustsec/advisory-db/issues/1821
    loopdev            https://github.com/rustsec/advisory-db/issues/1821
    yaml-rust          https://github.com/rustsec/advisory-db/issues/1921
found (3)
    io_ext             https://github.com/rustsec/advisory-db/issues/1706
    cloud-storage-rs   https://github.com/rustsec/advisory-db/issues/1715
    conrod             https://github.com/rustsec/advisory-db/issues/1871
