oorandom (https://sr.ht/~icefox/oorandom/ is uncloneable)*
pprof (https://github.com/tikv/pprof-rs updated [..] days ago)*
    criterion (requirement: ^0.3, version used: 0.3.6, latest: [..])
    nix (requirement: ^0.24, version used: 0.24.2, latest: [..])
    symbolic-demangle (requirement: ^8.0, version used: 8.8.0, latest: [..])
    criterion (requirement: ^0.3, version used: 0.3.6, latest: [..])
structopt (https://github.com/TeXitoi/structopt updated [..] days ago)
    clap (requirement: ^2.33, version used: 2.34.0, latest: [..])
structopt-derive (https://github.com/TeXitoi/structopt updated [..] days ago)
    heck (requirement: ^0.3.0, version used: 0.3.3, latest: [..])
    syn (requirement: ^1, version used: 1.0.103, latest: [..])
hex (https://github.com/KokaKiwi/rust-hex updated [..] days ago)
    criterion (requirement: ^0.3, version used: 0.3.6, latest: [..])
tinytemplate (https://github.com/bheisler/TinyTemplate updated [..] days ago)
    criterion (requirement: ^0.3, version used: 0.3.6, latest: [..])
proc-macro-error (https://gitlab.com/CreepySkeleton/proc-macro-error updated [..] days ago)
    syn (requirement: ^1, version used: 1.0.103, latest: [..])
hermit-abi (not in https://github.com/hermitcore/libhermit-rs)*
tokio-rustls (not in https://github.com/tokio-rs/tls)*
adler (https://github.com/jonas-schievink/adler.git archived)
serde_cbor (https://github.com/pyfisch/cbor archived)

* a newer version of the package is available
