Scanning 1 packages and their dependencies (pass --verbose for more information)
warning: failed to clone `https://www.google.com:81`: [
    "fatal: unable to access 'https://www.google.com:81/': Failed to connect to www.google.com port 81 after [..] ms: [..]/n",
]
